// Jest Snapshot v1, https://goo.gl/fbAQLP

exports[`LoginDataContainer tests should take a snapshot of <LoginDataContainer/> 1`] = `[Function]`;
