// Jest Snapshot v1, https://goo.gl/fbAQLP

exports[`test for EventCard should take a snapshot from the component 1`] = `[Function]`;
  nbv mnbv
